2026-02-20 17:55:11,940 - src.database.user_manager - INFO - Database initialized successfully
2026-02-20 17:55:11,941 - src.detection.phishing_detector - INFO - Loading BERT model...
2026-02-20 17:55:12,700 - httpx - INFO - HTTP Request: HEAD https://huggingface.co/bert-base-uncased/resolve/main/tokenizer_config.json "HTTP/1.1 200 OK"
2026-02-20 17:55:12,926 - httpx - INFO - HTTP Request: GET https://huggingface.co/api/models/bert-base-uncased/tree/main/additional_chat_templates?recursive=false&expand=false "HTTP/1.1 307 Temporary Redirect"
2026-02-20 17:55:13,156 - httpx - INFO - HTTP Request: GET https://huggingface.co/api/models/google-bert/bert-base-uncased/tree/main/additional_chat_templates?recursive=false&expand=false "HTTP/1.1 404 Not Found"
2026-02-20 17:55:13,373 - httpx - INFO - HTTP Request: GET https://huggingface.co/api/models/bert-base-uncased/tree/main?recursive=true&expand=false "HTTP/1.1 307 Temporary Redirect"
2026-02-20 17:55:13,596 - httpx - INFO - HTTP Request: GET https://huggingface.co/api/models/google-bert/bert-base-uncased/tree/main?recursive=true&expand=false "HTTP/1.1 200 OK"
2026-02-20 17:55:14,039 - httpx - INFO - HTTP Request: HEAD https://huggingface.co/bert-base-uncased/resolve/main/config.json "HTTP/1.1 200 OK"
2026-02-20 17:55:14,288 - httpx - INFO - HTTP Request: HEAD https://huggingface.co/bert-base-uncased/resolve/main/model.safetensors "HTTP/1.1 302 Found"
2026-02-20 17:55:14,790 - src.detection.phishing_detector - INFO - Models loaded successfully
2026-02-20 17:55:14,805 - src.database.user_manager - INFO - Database initialized successfully
2026-02-20 17:55:14,805 - src.detection.phishing_detector - INFO - Loading BERT model...
2026-02-20 17:55:15,124 - httpx - INFO - HTTP Request: HEAD https://huggingface.co/bert-base-uncased/resolve/main/tokenizer_config.json "HTTP/1.1 200 OK"
2026-02-20 17:55:15,352 - httpx - INFO - HTTP Request: GET https://huggingface.co/api/models/bert-base-uncased/tree/main/additional_chat_templates?recursive=false&expand=false "HTTP/1.1 307 Temporary Redirect"
2026-02-20 17:55:15,573 - httpx - INFO - HTTP Request: GET https://huggingface.co/api/models/google-bert/bert-base-uncased/tree/main/additional_chat_templates?recursive=false&expand=false "HTTP/1.1 404 Not Found"
2026-02-20 17:55:15,793 - httpx - INFO - HTTP Request: GET https://huggingface.co/api/models/bert-base-uncased/tree/main?recursive=true&expand=false "HTTP/1.1 307 Temporary Redirect"
2026-02-20 17:55:16,014 - httpx - INFO - HTTP Request: GET https://huggingface.co/api/models/google-bert/bert-base-uncased/tree/main?recursive=true&expand=false "HTTP/1.1 200 OK"
2026-02-20 17:55:16,394 - httpx - INFO - HTTP Request: HEAD https://huggingface.co/bert-base-uncased/resolve/main/config.json "HTTP/1.1 200 OK"
2026-02-20 17:55:16,394 - huggingface_hub.utils._http - WARNING - Warning: You are sending unauthenticated requests to the HF Hub. Please set a HF_TOKEN to enable higher rate limits and faster downloads.
2026-02-20 17:55:16,614 - httpx - INFO - HTTP Request: HEAD https://huggingface.co/bert-base-uncased/resolve/main/model.safetensors "HTTP/1.1 302 Found"
2026-02-20 17:55:16,927 - src.detection.phishing_detector - INFO - Models loaded successfully
2026-02-20 17:55:16,927 - __main__ - INFO - Starting Gamification-Based Phishing Defense System...
2026-02-20 17:55:16,954 - werkzeug - INFO - [31m[1mWARNING: This is a development server. Do not use it in a production deployment. Use a production WSGI server instead.[0m
 * Running on all addresses (0.0.0.0)
 * Running on http://127.0.0.1:5000
 * Running on http://192.168.1.6:5000
2026-02-20 17:55:16,954 - werkzeug - INFO - [33mPress CTRL+C to quit[0m
2026-02-20 17:55:16,955 - werkzeug - INFO -  * Restarting with stat
2026-02-20 17:55:32,310 - src.database.user_manager - INFO - Database initialized successfully
2026-02-20 17:55:32,310 - src.detection.phishing_detector - INFO - Loading BERT model...
2026-02-20 17:55:33,092 - httpx - INFO - HTTP Request: HEAD https://huggingface.co/bert-base-uncased/resolve/main/tokenizer_config.json "HTTP/1.1 200 OK"
2026-02-20 17:55:33,321 - httpx - INFO - HTTP Request: GET https://huggingface.co/api/models/bert-base-uncased/tree/main/additional_chat_templates?recursive=false&expand=false "HTTP/1.1 307 Temporary Redirect"
2026-02-20 17:55:33,544 - httpx - INFO - HTTP Request: GET https://huggingface.co/api/models/google-bert/bert-base-uncased/tree/main/additional_chat_templates?recursive=false&expand=false "HTTP/1.1 404 Not Found"
2026-02-20 17:55:33,769 - httpx - INFO - HTTP Request: GET https://huggingface.co/api/models/bert-base-uncased/tree/main?recursive=true&expand=false "HTTP/1.1 307 Temporary Redirect"
2026-02-20 17:55:33,985 - httpx - INFO - HTTP Request: GET https://huggingface.co/api/models/google-bert/bert-base-uncased/tree/main?recursive=true&expand=false "HTTP/1.1 200 OK"
2026-02-20 17:55:34,329 - httpx - INFO - HTTP Request: HEAD https://huggingface.co/bert-base-uncased/resolve/main/config.json "HTTP/1.1 200 OK"
2026-02-20 17:55:34,562 - httpx - INFO - HTTP Request: HEAD https://huggingface.co/bert-base-uncased/resolve/main/model.safetensors "HTTP/1.1 302 Found"
2026-02-20 17:55:35,065 - src.detection.phishing_detector - INFO - Models loaded successfully
2026-02-20 17:55:35,082 - src.database.user_manager - INFO - Database initialized successfully
2026-02-20 17:55:35,083 - src.detection.phishing_detector - INFO - Loading BERT model...
2026-02-20 17:55:35,300 - httpx - INFO - HTTP Request: HEAD https://huggingface.co/bert-base-uncased/resolve/main/tokenizer_config.json "HTTP/1.1 200 OK"
2026-02-20 17:55:35,520 - httpx - INFO - HTTP Request: GET https://huggingface.co/api/models/bert-base-uncased/tree/main/additional_chat_templates?recursive=false&expand=false "HTTP/1.1 307 Temporary Redirect"
2026-02-20 17:55:35,740 - httpx - INFO - HTTP Request: GET https://huggingface.co/api/models/google-bert/bert-base-uncased/tree/main/additional_chat_templates?recursive=false&expand=false "HTTP/1.1 404 Not Found"
2026-02-20 17:55:35,975 - httpx - INFO - HTTP Request: GET https://huggingface.co/api/models/bert-base-uncased/tree/main?recursive=true&expand=false "HTTP/1.1 307 Temporary Redirect"
2026-02-20 17:55:36,199 - httpx - INFO - HTTP Request: GET https://huggingface.co/api/models/google-bert/bert-base-uncased/tree/main?recursive=true&expand=false "HTTP/1.1 200 OK"
2026-02-20 17:55:36,542 - httpx - INFO - HTTP Request: HEAD https://huggingface.co/bert-base-uncased/resolve/main/config.json "HTTP/1.1 200 OK"
2026-02-20 17:55:36,804 - httpx - INFO - HTTP Request: HEAD https://huggingface.co/bert-base-uncased/resolve/main/model.safetensors "HTTP/1.1 302 Found"
2026-02-20 17:55:37,096 - src.detection.phishing_detector - INFO - Models loaded successfully
2026-02-20 17:55:37,096 - __main__ - INFO - Starting Gamification-Based Phishing Defense System...
2026-02-20 17:55:37,102 - werkzeug - WARNING -  * Debugger is active!
2026-02-20 17:55:37,106 - werkzeug - INFO -  * Debugger PIN: 151-836-829
2026-02-20 18:11:55,724 - werkzeug - INFO - 127.0.0.1 - - [20/Feb/2026 18:11:55] "[35m[1mGET / HTTP/1.1[0m" 500 -
2026-02-20 18:11:55,969 - werkzeug - INFO - 127.0.0.1 - - [20/Feb/2026 18:11:55] "GET /?__debugger__=yes&cmd=resource&f=style.css HTTP/1.1" 200 -
2026-02-20 18:11:55,975 - werkzeug - INFO - 127.0.0.1 - - [20/Feb/2026 18:11:55] "GET /?__debugger__=yes&cmd=resource&f=debugger.js HTTP/1.1" 200 -
2026-02-20 18:11:56,109 - werkzeug - INFO - 127.0.0.1 - - [20/Feb/2026 18:11:56] "GET /?__debugger__=yes&cmd=resource&f=console.png&s=KHutLDtqn00Z2pnohhUJ HTTP/1.1" 200 -
2026-02-20 18:11:57,012 - werkzeug - INFO - 127.0.0.1 - - [20/Feb/2026 18:11:57] "GET /?__debugger__=yes&cmd=resource&f=console.png HTTP/1.1" 200 -
2026-02-20 19:25:35,713 - src.database.user_manager - INFO - Database initialized successfully
2026-02-20 19:25:35,713 - src.detection.phishing_detector - INFO - Loading BERT model...
2026-02-20 19:25:36,501 - httpx - INFO - HTTP Request: HEAD https://huggingface.co/bert-base-uncased/resolve/main/tokenizer_config.json "HTTP/1.1 200 OK"
2026-02-20 19:25:36,784 - httpx - INFO - HTTP Request: GET https://huggingface.co/api/models/bert-base-uncased/tree/main/additional_chat_templates?recursive=false&expand=false "HTTP/1.1 307 Temporary Redirect"
2026-02-20 19:25:37,067 - httpx - INFO - HTTP Request: GET https://huggingface.co/api/models/google-bert/bert-base-uncased/tree/main/additional_chat_templates?recursive=false&expand=false "HTTP/1.1 404 Not Found"
2026-02-20 19:25:37,406 - httpx - INFO - HTTP Request: GET https://huggingface.co/api/models/bert-base-uncased/tree/main?recursive=true&expand=false "HTTP/1.1 307 Temporary Redirect"
2026-02-20 19:25:37,686 - httpx - INFO - HTTP Request: GET https://huggingface.co/api/models/google-bert/bert-base-uncased/tree/main?recursive=true&expand=false "HTTP/1.1 200 OK"
2026-02-20 19:25:38,135 - httpx - INFO - HTTP Request: HEAD https://huggingface.co/bert-base-uncased/resolve/main/config.json "HTTP/1.1 200 OK"
2026-02-20 19:25:38,452 - httpx - INFO - HTTP Request: HEAD https://huggingface.co/bert-base-uncased/resolve/main/model.safetensors "HTTP/1.1 302 Found"
2026-02-20 19:25:38,836 - src.detection.phishing_detector - INFO - Models loaded successfully
2026-02-20 19:25:38,845 - src.database.user_manager - INFO - Database initialized successfully
2026-02-20 19:25:38,845 - src.detection.phishing_detector - INFO - Loading BERT model...
2026-02-20 19:25:39,151 - httpx - INFO - HTTP Request: HEAD https://huggingface.co/bert-base-uncased/resolve/main/tokenizer_config.json "HTTP/1.1 200 OK"
2026-02-20 19:25:39,152 - huggingface_hub.utils._http - WARNING - Warning: You are sending unauthenticated requests to the HF Hub. Please set a HF_TOKEN to enable higher rate limits and faster downloads.
2026-02-20 19:25:39,434 - httpx - INFO - HTTP Request: GET https://huggingface.co/api/models/bert-base-uncased/tree/main/additional_chat_templates?recursive=false&expand=false "HTTP/1.1 307 Temporary Redirect"
2026-02-20 19:25:39,714 - httpx - INFO - HTTP Request: GET https://huggingface.co/api/models/google-bert/bert-base-uncased/tree/main/additional_chat_templates?recursive=false&expand=false "HTTP/1.1 404 Not Found"
2026-02-20 19:25:40,016 - httpx - INFO - HTTP Request: GET https://huggingface.co/api/models/bert-base-uncased/tree/main?recursive=true&expand=false "HTTP/1.1 307 Temporary Redirect"
2026-02-20 19:25:40,534 - httpx - INFO - HTTP Request: GET https://huggingface.co/api/models/google-bert/bert-base-uncased/tree/main?recursive=true&expand=false "HTTP/1.1 200 OK"
2026-02-20 19:25:40,975 - httpx - INFO - HTTP Request: HEAD https://huggingface.co/bert-base-uncased/resolve/main/config.json "HTTP/1.1 200 OK"
2026-02-20 19:25:41,297 - httpx - INFO - HTTP Request: HEAD https://huggingface.co/bert-base-uncased/resolve/main/model.safetensors "HTTP/1.1 302 Found"
2026-02-20 19:25:41,517 - src.detection.phishing_detector - INFO - Models loaded successfully
2026-02-20 19:25:41,518 - __main__ - INFO - Starting Gamification-Based Phishing Defense System...
2026-02-20 19:25:41,539 - werkzeug - INFO - [31m[1mWARNING: This is a development server. Do not use it in a production deployment. Use a production WSGI server instead.[0m
 * Running on all addresses (0.0.0.0)
 * Running on http://127.0.0.1:5000
 * Running on http://192.168.1.6:5000
2026-02-20 19:25:41,539 - werkzeug - INFO - [33mPress CTRL+C to quit[0m
2026-02-20 19:25:41,539 - werkzeug - INFO -  * Restarting with stat
2026-02-20 19:25:50,844 - src.database.user_manager - INFO - Database initialized successfully
2026-02-20 19:25:50,845 - src.detection.phishing_detector - INFO - Loading BERT model...
2026-02-20 19:25:51,556 - httpx - INFO - HTTP Request: HEAD https://huggingface.co/bert-base-uncased/resolve/main/tokenizer_config.json "HTTP/1.1 200 OK"
2026-02-20 19:25:51,919 - httpx - INFO - HTTP Request: GET https://huggingface.co/api/models/bert-base-uncased/tree/main/additional_chat_templates?recursive=false&expand=false "HTTP/1.1 307 Temporary Redirect"
2026-02-20 19:25:52,199 - httpx - INFO - HTTP Request: GET https://huggingface.co/api/models/google-bert/bert-base-uncased/tree/main/additional_chat_templates?recursive=false&expand=false "HTTP/1.1 404 Not Found"
2026-02-20 19:25:52,474 - httpx - INFO - HTTP Request: GET https://huggingface.co/api/models/bert-base-uncased/tree/main?recursive=true&expand=false "HTTP/1.1 307 Temporary Redirect"
2026-02-20 19:25:52,756 - httpx - INFO - HTTP Request: GET https://huggingface.co/api/models/google-bert/bert-base-uncased/tree/main?recursive=true&expand=false "HTTP/1.1 200 OK"
2026-02-20 19:25:53,137 - httpx - INFO - HTTP Request: HEAD https://huggingface.co/bert-base-uncased/resolve/main/config.json "HTTP/1.1 200 OK"
2026-02-20 19:25:53,421 - httpx - INFO - HTTP Request: HEAD https://huggingface.co/bert-base-uncased/resolve/main/model.safetensors "HTTP/1.1 302 Found"
2026-02-20 19:25:53,877 - src.detection.phishing_detector - INFO - Models loaded successfully
2026-02-20 19:25:53,900 - src.database.user_manager - INFO - Database initialized successfully
2026-02-20 19:25:53,902 - src.detection.phishing_detector - INFO - Loading BERT model...
2026-02-20 19:25:54,180 - httpx - INFO - HTTP Request: HEAD https://huggingface.co/bert-base-uncased/resolve/main/tokenizer_config.json "HTTP/1.1 200 OK"
2026-02-20 19:25:54,458 - httpx - INFO - HTTP Request: GET https://huggingface.co/api/models/bert-base-uncased/tree/main/additional_chat_templates?recursive=false&expand=false "HTTP/1.1 307 Temporary Redirect"
2026-02-20 19:25:54,733 - httpx - INFO - HTTP Request: GET https://huggingface.co/api/models/google-bert/bert-base-uncased/tree/main/additional_chat_templates?recursive=false&expand=false "HTTP/1.1 404 Not Found"
2026-02-20 19:25:55,037 - httpx - INFO - HTTP Request: GET https://huggingface.co/api/models/bert-base-uncased/tree/main?recursive=true&expand=false "HTTP/1.1 307 Temporary Redirect"
2026-02-20 19:25:55,318 - httpx - INFO - HTTP Request: GET https://huggingface.co/api/models/google-bert/bert-base-uncased/tree/main?recursive=true&expand=false "HTTP/1.1 200 OK"
2026-02-20 19:25:55,707 - httpx - INFO - HTTP Request: HEAD https://huggingface.co/bert-base-uncased/resolve/main/config.json "HTTP/1.1 200 OK"
2026-02-20 19:25:55,989 - httpx - INFO - HTTP Request: HEAD https://huggingface.co/bert-base-uncased/resolve/main/model.safetensors "HTTP/1.1 302 Found"
2026-02-20 19:25:56,201 - src.detection.phishing_detector - INFO - Models loaded successfully
2026-02-20 19:25:56,202 - __main__ - INFO - Starting Gamification-Based Phishing Defense System...
2026-02-20 19:25:56,207 - werkzeug - WARNING -  * Debugger is active!
2026-02-20 19:25:56,212 - werkzeug - INFO -  * Debugger PIN: 151-836-829
2026-02-20 19:31:45,231 - werkzeug - INFO - 127.0.0.1 - - [20/Feb/2026 19:31:45] "[35m[1mGET / HTTP/1.1[0m" 500 -
2026-02-20 19:31:45,472 - werkzeug - INFO - 127.0.0.1 - - [20/Feb/2026 19:31:45] "[36mGET /?__debugger__=yes&cmd=resource&f=style.css HTTP/1.1[0m" 304 -
2026-02-20 19:31:45,475 - werkzeug - INFO - 127.0.0.1 - - [20/Feb/2026 19:31:45] "[36mGET /?__debugger__=yes&cmd=resource&f=debugger.js HTTP/1.1[0m" 304 -
2026-02-20 19:31:45,591 - werkzeug - INFO - 127.0.0.1 - - [20/Feb/2026 19:31:45] "GET /?__debugger__=yes&cmd=resource&f=console.png&s=9Nh2pPD29P9MnlI0bHL9 HTTP/1.1" 200 -
2026-02-20 21:23:55,592 - src.database.user_manager - INFO - Database initialized successfully
2026-02-20 21:23:55,593 - src.detection.phishing_detector - INFO - Loading BERT model...
2026-02-20 21:23:56,589 - httpx - INFO - HTTP Request: HEAD https://huggingface.co/bert-base-uncased/resolve/main/tokenizer_config.json "HTTP/1.1 200 OK"
2026-02-20 21:23:56,859 - httpx - INFO - HTTP Request: GET https://huggingface.co/api/models/bert-base-uncased/tree/main/additional_chat_templates?recursive=false&expand=false "HTTP/1.1 307 Temporary Redirect"
2026-02-20 21:23:57,200 - httpx - INFO - HTTP Request: GET https://huggingface.co/api/models/google-bert/bert-base-uncased/tree/main/additional_chat_templates?recursive=false&expand=false "HTTP/1.1 404 Not Found"
2026-02-20 21:23:57,508 - httpx - INFO - HTTP Request: GET https://huggingface.co/api/models/bert-base-uncased/tree/main?recursive=true&expand=false "HTTP/1.1 307 Temporary Redirect"
2026-02-20 21:23:57,816 - httpx - INFO - HTTP Request: GET https://huggingface.co/api/models/google-bert/bert-base-uncased/tree/main?recursive=true&expand=false "HTTP/1.1 200 OK"
2026-02-20 21:23:58,428 - httpx - INFO - HTTP Request: HEAD https://huggingface.co/bert-base-uncased/resolve/main/config.json "HTTP/1.1 200 OK"
2026-02-20 21:23:58,429 - huggingface_hub.utils._http - WARNING - Warning: You are sending unauthenticated requests to the HF Hub. Please set a HF_TOKEN to enable higher rate limits and faster downloads.
2026-02-20 21:23:58,737 - httpx - INFO - HTTP Request: HEAD https://huggingface.co/bert-base-uncased/resolve/main/model.safetensors "HTTP/1.1 302 Found"
2026-02-20 21:23:59,380 - src.detection.phishing_detector - INFO - Models loaded successfully
2026-02-20 21:23:59,410 - src.database.user_manager - INFO - Database initialized successfully
2026-02-20 21:23:59,411 - src.detection.phishing_detector - INFO - Loading BERT model...
2026-02-20 21:23:59,657 - httpx - INFO - HTTP Request: HEAD https://huggingface.co/bert-base-uncased/resolve/main/tokenizer_config.json "HTTP/1.1 200 OK"
2026-02-20 21:23:59,965 - httpx - INFO - HTTP Request: GET https://huggingface.co/api/models/bert-base-uncased/tree/main/additional_chat_templates?recursive=false&expand=false "HTTP/1.1 307 Temporary Redirect"
2026-02-20 21:24:00,271 - httpx - INFO - HTTP Request: GET https://huggingface.co/api/models/google-bert/bert-base-uncased/tree/main/additional_chat_templates?recursive=false&expand=false "HTTP/1.1 404 Not Found"
2026-02-20 21:24:00,579 - httpx - INFO - HTTP Request: GET https://huggingface.co/api/models/bert-base-uncased/tree/main?recursive=true&expand=false "HTTP/1.1 307 Temporary Redirect"
2026-02-20 21:24:00,894 - httpx - INFO - HTTP Request: GET https://huggingface.co/api/models/google-bert/bert-base-uncased/tree/main?recursive=true&expand=false "HTTP/1.1 200 OK"
2026-02-20 21:24:01,398 - httpx - INFO - HTTP Request: HEAD https://huggingface.co/bert-base-uncased/resolve/main/config.json "HTTP/1.1 200 OK"
2026-02-20 21:24:01,707 - httpx - INFO - HTTP Request: HEAD https://huggingface.co/bert-base-uncased/resolve/main/model.safetensors "HTTP/1.1 302 Found"
2026-02-20 21:24:02,067 - src.detection.phishing_detector - INFO - Models loaded successfully
2026-02-20 21:24:02,068 - __main__ - INFO - Starting Gamification-Based Phishing Defense System...
2026-02-20 21:24:02,092 - werkzeug - INFO - [31m[1mWARNING: This is a development server. Do not use it in a production deployment. Use a production WSGI server instead.[0m
 * Running on all addresses (0.0.0.0)
 * Running on http://127.0.0.1:5000
 * Running on http://192.168.1.6:5000
2026-02-20 21:24:02,093 - werkzeug - INFO - [33mPress CTRL+C to quit[0m
2026-02-20 21:24:02,093 - werkzeug - INFO -  * Restarting with stat
2026-02-20 21:24:14,280 - src.database.user_manager - INFO - Database initialized successfully
2026-02-20 21:24:14,281 - src.detection.phishing_detector - INFO - Loading BERT model...
2026-02-20 21:24:15,017 - httpx - INFO - HTTP Request: HEAD https://huggingface.co/bert-base-uncased/resolve/main/tokenizer_config.json "HTTP/1.1 200 OK"
2026-02-20 21:24:15,337 - httpx - INFO - HTTP Request: GET https://huggingface.co/api/models/bert-base-uncased/tree/main/additional_chat_templates?recursive=false&expand=false "HTTP/1.1 307 Temporary Redirect"
2026-02-20 21:24:15,631 - httpx - INFO - HTTP Request: GET https://huggingface.co/api/models/google-bert/bert-base-uncased/tree/main/additional_chat_templates?recursive=false&expand=false "HTTP/1.1 404 Not Found"
2026-02-20 21:24:15,939 - httpx - INFO - HTTP Request: GET https://huggingface.co/api/models/bert-base-uncased/tree/main?recursive=true&expand=false "HTTP/1.1 307 Temporary Redirect"
2026-02-20 21:24:16,261 - httpx - INFO - HTTP Request: GET https://huggingface.co/api/models/google-bert/bert-base-uncased/tree/main?recursive=true&expand=false "HTTP/1.1 200 OK"
2026-02-20 21:24:16,656 - httpx - INFO - HTTP Request: HEAD https://huggingface.co/bert-base-uncased/resolve/main/config.json "HTTP/1.1 200 OK"
2026-02-20 21:24:16,656 - huggingface_hub.utils._http - WARNING - Warning: You are sending unauthenticated requests to the HF Hub. Please set a HF_TOKEN to enable higher rate limits and faster downloads.
2026-02-20 21:24:16,962 - httpx - INFO - HTTP Request: HEAD https://huggingface.co/bert-base-uncased/resolve/main/model.safetensors "HTTP/1.1 302 Found"
2026-02-20 21:24:17,501 - src.detection.phishing_detector - INFO - Models loaded successfully
2026-02-20 21:24:17,525 - src.database.user_manager - INFO - Database initialized successfully
2026-02-20 21:24:17,527 - src.detection.phishing_detector - INFO - Loading BERT model...
2026-02-20 21:24:17,784 - httpx - INFO - HTTP Request: HEAD https://huggingface.co/bert-base-uncased/resolve/main/tokenizer_config.json "HTTP/1.1 200 OK"
2026-02-20 21:24:18,028 - httpx - INFO - HTTP Request: GET https://huggingface.co/api/models/bert-base-uncased/tree/main/additional_chat_templates?recursive=false&expand=false "HTTP/1.1 307 Temporary Redirect"
2026-02-20 21:24:18,284 - httpx - INFO - HTTP Request: GET https://huggingface.co/api/models/google-bert/bert-base-uncased/tree/main/additional_chat_templates?recursive=false&expand=false "HTTP/1.1 404 Not Found"
2026-02-20 21:24:18,517 - httpx - INFO - HTTP Request: GET https://huggingface.co/api/models/bert-base-uncased/tree/main?recursive=true&expand=false "HTTP/1.1 307 Temporary Redirect"
2026-02-20 21:24:18,806 - httpx - INFO - HTTP Request: GET https://huggingface.co/api/models/google-bert/bert-base-uncased/tree/main?recursive=true&expand=false "HTTP/1.1 200 OK"
2026-02-20 21:24:19,219 - httpx - INFO - HTTP Request: HEAD https://huggingface.co/bert-base-uncased/resolve/main/config.json "HTTP/1.1 200 OK"
2026-02-20 21:24:19,525 - httpx - INFO - HTTP Request: HEAD https://huggingface.co/bert-base-uncased/resolve/main/model.safetensors "HTTP/1.1 302 Found"
2026-02-20 21:24:19,819 - src.detection.phishing_detector - INFO - Models loaded successfully
2026-02-20 21:24:19,820 - __main__ - INFO - Starting Gamification-Based Phishing Defense System...
2026-02-20 21:24:19,829 - werkzeug - WARNING -  * Debugger is active!
2026-02-20 21:24:19,836 - werkzeug - INFO -  * Debugger PIN: 151-836-829
2026-02-20 21:24:35,815 - werkzeug - INFO - 127.0.0.1 - - [20/Feb/2026 21:24:35] "[35m[1mGET / HTTP/1.1[0m" 500 -
2026-02-20 21:24:35,967 - werkzeug - INFO - 127.0.0.1 - - [20/Feb/2026 21:24:35] "GET /?__debugger__=yes&cmd=resource&f=debugger.js HTTP/1.1" 200 -
2026-02-20 21:24:35,968 - werkzeug - INFO - 127.0.0.1 - - [20/Feb/2026 21:24:35] "GET /?__debugger__=yes&cmd=resource&f=style.css HTTP/1.1" 200 -
2026-02-20 21:24:36,094 - werkzeug - INFO - 127.0.0.1 - - [20/Feb/2026 21:24:36] "GET /?__debugger__=yes&cmd=resource&f=console.png&s=8cIaw2sLEsdShSfqjcx5 HTTP/1.1" 200 -
2026-02-20 21:24:36,139 - werkzeug - INFO - 127.0.0.1 - - [20/Feb/2026 21:24:36] "GET /?__debugger__=yes&cmd=resource&f=console.png HTTP/1.1" 200 -
2026-02-20 21:34:19,086 - src.database.user_manager - INFO - Database initialized successfully
2026-02-20 21:34:19,086 - src.detection.phishing_detector - INFO - Loading BERT model...
2026-02-20 21:34:19,951 - httpx - INFO - HTTP Request: HEAD https://huggingface.co/bert-base-uncased/resolve/main/tokenizer_config.json "HTTP/1.1 200 OK"
2026-02-20 21:34:19,953 - huggingface_hub.utils._http - WARNING - Warning: You are sending unauthenticated requests to the HF Hub. Please set a HF_TOKEN to enable higher rate limits and faster downloads.
2026-02-20 21:34:20,247 - httpx - INFO - HTTP Request: GET https://huggingface.co/api/models/bert-base-uncased/tree/main/additional_chat_templates?recursive=false&expand=false "HTTP/1.1 307 Temporary Redirect"
2026-02-20 21:34:20,613 - httpx - INFO - HTTP Request: GET https://huggingface.co/api/models/google-bert/bert-base-uncased/tree/main/additional_chat_templates?recursive=false&expand=false "HTTP/1.1 404 Not Found"
2026-02-20 21:34:20,922 - httpx - INFO - HTTP Request: GET https://huggingface.co/api/models/bert-base-uncased/tree/main?recursive=true&expand=false "HTTP/1.1 307 Temporary Redirect"
2026-02-20 21:34:21,226 - httpx - INFO - HTTP Request: GET https://huggingface.co/api/models/google-bert/bert-base-uncased/tree/main?recursive=true&expand=false "HTTP/1.1 200 OK"
2026-02-20 21:34:21,739 - httpx - INFO - HTTP Request: HEAD https://huggingface.co/bert-base-uncased/resolve/main/config.json "HTTP/1.1 200 OK"
2026-02-20 21:34:22,150 - httpx - INFO - HTTP Request: HEAD https://huggingface.co/bert-base-uncased/resolve/main/model.safetensors "HTTP/1.1 302 Found"
2026-02-20 21:34:22,763 - src.detection.phishing_detector - INFO - Models loaded successfully
2026-02-20 21:34:22,774 - src.database.user_manager - INFO - Database initialized successfully
2026-02-20 21:34:22,775 - src.detection.phishing_detector - INFO - Loading BERT model...
2026-02-20 21:34:23,076 - httpx - INFO - HTTP Request: HEAD https://huggingface.co/bert-base-uncased/resolve/main/tokenizer_config.json "HTTP/1.1 200 OK"
2026-02-20 21:34:23,363 - httpx - INFO - HTTP Request: GET https://huggingface.co/api/models/bert-base-uncased/tree/main/additional_chat_templates?recursive=false&expand=false "HTTP/1.1 307 Temporary Redirect"
2026-02-20 21:34:23,685 - httpx - INFO - HTTP Request: GET https://huggingface.co/api/models/google-bert/bert-base-uncased/tree/main/additional_chat_templates?recursive=false&expand=false "HTTP/1.1 404 Not Found"
2026-02-20 21:34:23,992 - httpx - INFO - HTTP Request: GET https://huggingface.co/api/models/bert-base-uncased/tree/main?recursive=true&expand=false "HTTP/1.1 307 Temporary Redirect"
2026-02-20 21:34:24,301 - httpx - INFO - HTTP Request: GET https://huggingface.co/api/models/google-bert/bert-base-uncased/tree/main?recursive=true&expand=false "HTTP/1.1 200 OK"
2026-02-20 21:34:24,813 - httpx - INFO - HTTP Request: HEAD https://huggingface.co/bert-base-uncased/resolve/main/config.json "HTTP/1.1 200 OK"
2026-02-20 21:34:25,219 - httpx - INFO - HTTP Request: HEAD https://huggingface.co/bert-base-uncased/resolve/main/model.safetensors "HTTP/1.1 302 Found"
2026-02-20 21:34:25,896 - src.detection.phishing_detector - INFO - Models loaded successfully
2026-02-20 21:34:25,897 - __main__ - INFO - Starting Gamification-Based Phishing Defense System...
2026-02-20 21:34:25,964 - werkzeug - INFO - [31m[1mWARNING: This is a development server. Do not use it in a production deployment. Use a production WSGI server instead.[0m
 * Running on all addresses (0.0.0.0)
 * Running on http://127.0.0.1:5000
 * Running on http://192.168.1.6:5000
2026-02-20 21:34:25,966 - werkzeug - INFO - [33mPress CTRL+C to quit[0m
2026-02-20 21:34:25,968 - werkzeug - INFO -  * Restarting with stat
2026-02-20 21:34:46,008 - src.database.user_manager - INFO - Database initialized successfully
2026-02-20 21:34:46,010 - src.detection.phishing_detector - INFO - Loading BERT model...
2026-02-20 21:34:47,480 - httpx - INFO - HTTP Request: HEAD https://huggingface.co/bert-base-uncased/resolve/main/tokenizer_config.json "HTTP/1.1 200 OK"
2026-02-20 21:34:47,851 - httpx - INFO - HTTP Request: GET https://huggingface.co/api/models/bert-base-uncased/tree/main/additional_chat_templates?recursive=false&expand=false "HTTP/1.1 307 Temporary Redirect"
2026-02-20 21:34:48,160 - httpx - INFO - HTTP Request: GET https://huggingface.co/api/models/google-bert/bert-base-uncased/tree/main/additional_chat_templates?recursive=false&expand=false "HTTP/1.1 404 Not Found"
2026-02-20 21:34:48,468 - httpx - INFO - HTTP Request: GET https://huggingface.co/api/models/bert-base-uncased/tree/main?recursive=true&expand=false "HTTP/1.1 307 Temporary Redirect"
2026-02-20 21:34:48,774 - httpx - INFO - HTTP Request: GET https://huggingface.co/api/models/google-bert/bert-base-uncased/tree/main?recursive=true&expand=false "HTTP/1.1 200 OK"
2026-02-20 21:34:49,387 - httpx - INFO - HTTP Request: HEAD https://huggingface.co/bert-base-uncased/resolve/main/config.json "HTTP/1.1 200 OK"
2026-02-20 21:34:49,798 - httpx - INFO - HTTP Request: HEAD https://huggingface.co/bert-base-uncased/resolve/main/model.safetensors "HTTP/1.1 302 Found"
2026-02-20 21:34:49,804 - huggingface_hub.utils._http - WARNING - Warning: You are sending unauthenticated requests to the HF Hub. Please set a HF_TOKEN to enable higher rate limits and faster downloads.
2026-02-20 21:34:50,868 - src.detection.phishing_detector - INFO - Models loaded successfully
2026-02-20 21:34:50,891 - src.database.user_manager - INFO - Database initialized successfully
2026-02-20 21:34:50,894 - src.detection.phishing_detector - INFO - Loading BERT model...
2026-02-20 21:34:51,230 - httpx - INFO - HTTP Request: HEAD https://huggingface.co/bert-base-uncased/resolve/main/tokenizer_config.json "HTTP/1.1 200 OK"
2026-02-20 21:34:51,537 - httpx - INFO - HTTP Request: GET https://huggingface.co/api/models/bert-base-uncased/tree/main/additional_chat_templates?recursive=false&expand=false "HTTP/1.1 307 Temporary Redirect"
2026-02-20 21:34:51,847 - httpx - INFO - HTTP Request: GET https://huggingface.co/api/models/google-bert/bert-base-uncased/tree/main/additional_chat_templates?recursive=false&expand=false "HTTP/1.1 404 Not Found"
2026-02-20 21:34:52,152 - httpx - INFO - HTTP Request: GET https://huggingface.co/api/models/bert-base-uncased/tree/main?recursive=true&expand=false "HTTP/1.1 307 Temporary Redirect"
2026-02-20 21:34:52,460 - httpx - INFO - HTTP Request: GET https://huggingface.co/api/models/google-bert/bert-base-uncased/tree/main?recursive=true&expand=false "HTTP/1.1 200 OK"
2026-02-20 21:34:53,075 - httpx - INFO - HTTP Request: HEAD https://huggingface.co/bert-base-uncased/resolve/main/config.json "HTTP/1.1 200 OK"
2026-02-20 21:34:53,484 - httpx - INFO - HTTP Request: HEAD https://huggingface.co/bert-base-uncased/resolve/main/model.safetensors "HTTP/1.1 302 Found"
2026-02-20 21:34:54,401 - src.detection.phishing_detector - INFO - Models loaded successfully
2026-02-20 21:34:54,402 - __main__ - INFO - Starting Gamification-Based Phishing Defense System...
2026-02-20 21:34:54,429 - werkzeug - WARNING -  * Debugger is active!
2026-02-20 21:34:54,444 - werkzeug - INFO -  * Debugger PIN: 151-836-829
2026-02-20 21:34:54,542 - werkzeug - INFO - 127.0.0.1 - - [20/Feb/2026 21:34:54] "GET / HTTP/1.1" 200 -
2026-02-20 21:34:54,807 - werkzeug - INFO - 127.0.0.1 - - [20/Feb/2026 21:34:54] "[35m[1mGET /favicon.ico HTTP/1.1[0m" 500 -
2026-02-20 21:34:57,482 - werkzeug - INFO - 127.0.0.1 - - [20/Feb/2026 21:34:57] "[35m[1mGET /login HTTP/1.1[0m" 500 -
2026-02-20 21:34:57,671 - werkzeug - INFO - 127.0.0.1 - - [20/Feb/2026 21:34:57] "GET /login?__debugger__=yes&cmd=resource&f=debugger.js HTTP/1.1" 200 -
2026-02-20 21:34:57,674 - werkzeug - INFO - 127.0.0.1 - - [20/Feb/2026 21:34:57] "GET /login?__debugger__=yes&cmd=resource&f=style.css HTTP/1.1" 200 -
2026-02-20 21:34:57,746 - werkzeug - INFO - 127.0.0.1 - - [20/Feb/2026 21:34:57] "GET /login?__debugger__=yes&cmd=resource&f=console.png&s=1Cg4ZBmBYw7U3zXZTGCp HTTP/1.1" 200 -
2026-02-20 21:34:57,796 - werkzeug - INFO - 127.0.0.1 - - [20/Feb/2026 21:34:57] "GET /login?__debugger__=yes&cmd=resource&f=console.png HTTP/1.1" 200 -
2026-02-20 21:53:08,283 - werkzeug - INFO - 127.0.0.1 - - [20/Feb/2026 21:53:08] "[33mGET /login HTTP/1.1[0m" 404 -
2026-02-20 21:53:08,387 - werkzeug - INFO - 127.0.0.1 - - [20/Feb/2026 21:53:08] "[33mGET /favicon.ico HTTP/1.1[0m" 404 -
2026-02-20 21:53:21,164 - werkzeug - INFO - 127.0.0.1 - - [20/Feb/2026 21:53:21] "GET / HTTP/1.1" 200 -
2026-02-20 21:53:24,157 - werkzeug - INFO - 127.0.0.1 - - [20/Feb/2026 21:53:24] "[33mGET /login HTTP/1.1[0m" 404 -
2026-02-20 21:54:52,668 - werkzeug - INFO - 127.0.0.1 - - [20/Feb/2026 21:54:52] "[33mGET /login HTTP/1.1[0m" 404 -
2026-02-20 22:08:33,180 - werkzeug - INFO -  * Detected change in 'e:\\PHD-WORK\\24 SEPT 24\\NOVELTY\\02-09-25_second_paper_code\\niliesh\\AKSHATUIKE_SOURCE\\app.py', reloading
2026-02-20 22:08:36,225 - werkzeug - INFO -  * Restarting with stat
2026-02-20 22:08:50,211 - src.database.user_manager - INFO - Database initialized successfully
2026-02-20 22:08:50,212 - src.detection.phishing_detector - INFO - Loading BERT model...
2026-02-20 22:08:50,947 - httpx - INFO - HTTP Request: HEAD https://huggingface.co/bert-base-uncased/resolve/main/tokenizer_config.json "HTTP/1.1 200 OK"
2026-02-20 22:08:51,190 - httpx - INFO - HTTP Request: GET https://huggingface.co/api/models/bert-base-uncased/tree/main/additional_chat_templates?recursive=false&expand=false "HTTP/1.1 307 Temporary Redirect"
2026-02-20 22:08:51,426 - httpx - INFO - HTTP Request: GET https://huggingface.co/api/models/google-bert/bert-base-uncased/tree/main/additional_chat_templates?recursive=false&expand=false "HTTP/1.1 404 Not Found"
2026-02-20 22:08:51,667 - httpx - INFO - HTTP Request: GET https://huggingface.co/api/models/bert-base-uncased/tree/main?recursive=true&expand=false "HTTP/1.1 307 Temporary Redirect"
2026-02-20 22:08:51,906 - httpx - INFO - HTTP Request: GET https://huggingface.co/api/models/google-bert/bert-base-uncased/tree/main?recursive=true&expand=false "HTTP/1.1 200 OK"
2026-02-20 22:08:52,357 - httpx - INFO - HTTP Request: HEAD https://huggingface.co/bert-base-uncased/resolve/main/config.json "HTTP/1.1 200 OK"
2026-02-20 22:08:52,617 - httpx - INFO - HTTP Request: HEAD https://huggingface.co/bert-base-uncased/resolve/main/model.safetensors "HTTP/1.1 302 Found"
2026-02-20 22:08:53,019 - src.detection.phishing_detector - INFO - Models loaded successfully
2026-02-20 22:08:53,028 - src.database.user_manager - INFO - Database initialized successfully
2026-02-20 22:08:53,028 - src.detection.phishing_detector - INFO - Loading BERT model...
2026-02-20 22:08:53,265 - httpx - INFO - HTTP Request: HEAD https://huggingface.co/bert-base-uncased/resolve/main/tokenizer_config.json "HTTP/1.1 200 OK"
2026-02-20 22:08:53,583 - httpx - INFO - HTTP Request: GET https://huggingface.co/api/models/bert-base-uncased/tree/main/additional_chat_templates?recursive=false&expand=false "HTTP/1.1 307 Temporary Redirect"
2026-02-20 22:08:53,825 - httpx - INFO - HTTP Request: GET https://huggingface.co/api/models/google-bert/bert-base-uncased/tree/main/additional_chat_templates?recursive=false&expand=false "HTTP/1.1 404 Not Found"
2026-02-20 22:08:54,057 - httpx - INFO - HTTP Request: GET https://huggingface.co/api/models/bert-base-uncased/tree/main?recursive=true&expand=false "HTTP/1.1 307 Temporary Redirect"
2026-02-20 22:08:54,297 - httpx - INFO - HTTP Request: GET https://huggingface.co/api/models/google-bert/bert-base-uncased/tree/main?recursive=true&expand=false "HTTP/1.1 200 OK"
2026-02-20 22:08:54,677 - httpx - INFO - HTTP Request: HEAD https://huggingface.co/bert-base-uncased/resolve/main/config.json "HTTP/1.1 200 OK"
2026-02-20 22:08:54,678 - huggingface_hub.utils._http - WARNING - Warning: You are sending unauthenticated requests to the HF Hub. Please set a HF_TOKEN to enable higher rate limits and faster downloads.
2026-02-20 22:08:54,914 - httpx - INFO - HTTP Request: HEAD https://huggingface.co/bert-base-uncased/resolve/main/model.safetensors "HTTP/1.1 302 Found"
2026-02-20 22:08:55,124 - src.detection.phishing_detector - INFO - Models loaded successfully
2026-02-20 22:08:55,125 - __main__ - INFO - Starting Gamification-Based Phishing Defense System...
2026-02-20 22:08:55,130 - werkzeug - WARNING -  * Debugger is active!
2026-02-20 22:08:55,134 - werkzeug - INFO -  * Debugger PIN: 151-836-829
2026-02-20 22:08:55,158 - werkzeug - INFO - 127.0.0.1 - - [20/Feb/2026 22:08:55] "GET /login HTTP/1.1" 200 -
2026-02-20 22:08:55,159 - werkzeug - INFO - 127.0.0.1 - - [20/Feb/2026 22:08:55] "GET /login HTTP/1.1" 200 -
2026-02-20 22:09:28,145 - werkzeug - INFO -  * Detected change in 'e:\\PHD-WORK\\24 SEPT 24\\NOVELTY\\02-09-25_second_paper_code\\niliesh\\AKSHATUIKE_SOURCE\\app.py', reloading
2026-02-20 22:09:29,098 - werkzeug - INFO -  * Restarting with stat
2026-02-20 22:09:39,398 - src.database.user_manager - INFO - Database initialized successfully
2026-02-20 22:09:39,400 - src.detection.phishing_detector - INFO - Loading BERT model...
2026-02-20 22:09:40,036 - httpx - INFO - HTTP Request: HEAD https://huggingface.co/bert-base-uncased/resolve/main/tokenizer_config.json "HTTP/1.1 200 OK"
2026-02-20 22:09:40,275 - httpx - INFO - HTTP Request: GET https://huggingface.co/api/models/bert-base-uncased/tree/main/additional_chat_templates?recursive=false&expand=false "HTTP/1.1 307 Temporary Redirect"
2026-02-20 22:09:40,513 - httpx - INFO - HTTP Request: GET https://huggingface.co/api/models/google-bert/bert-base-uncased/tree/main/additional_chat_templates?recursive=false&expand=false "HTTP/1.1 404 Not Found"
2026-02-20 22:09:40,749 - httpx - INFO - HTTP Request: GET https://huggingface.co/api/models/bert-base-uncased/tree/main?recursive=true&expand=false "HTTP/1.1 307 Temporary Redirect"
2026-02-20 22:09:40,986 - httpx - INFO - HTTP Request: GET https://huggingface.co/api/models/google-bert/bert-base-uncased/tree/main?recursive=true&expand=false "HTTP/1.1 200 OK"
2026-02-20 22:09:41,344 - httpx - INFO - HTTP Request: HEAD https://huggingface.co/bert-base-uncased/resolve/main/config.json "HTTP/1.1 200 OK"
2026-02-20 22:09:41,346 - huggingface_hub.utils._http - WARNING - Warning: You are sending unauthenticated requests to the HF Hub. Please set a HF_TOKEN to enable higher rate limits and faster downloads.
2026-02-20 22:09:41,602 - httpx - INFO - HTTP Request: HEAD https://huggingface.co/bert-base-uncased/resolve/main/model.safetensors "HTTP/1.1 302 Found"
2026-02-20 22:09:41,906 - src.detection.phishing_detector - INFO - Models loaded successfully
2026-02-20 22:09:41,920 - src.database.user_manager - INFO - Database initialized successfully
2026-02-20 22:09:41,920 - src.detection.phishing_detector - INFO - Loading BERT model...
2026-02-20 22:09:42,153 - httpx - INFO - HTTP Request: HEAD https://huggingface.co/bert-base-uncased/resolve/main/tokenizer_config.json "HTTP/1.1 200 OK"
2026-02-20 22:09:42,388 - httpx - INFO - HTTP Request: GET https://huggingface.co/api/models/bert-base-uncased/tree/main/additional_chat_templates?recursive=false&expand=false "HTTP/1.1 307 Temporary Redirect"
2026-02-20 22:09:42,622 - httpx - INFO - HTTP Request: GET https://huggingface.co/api/models/google-bert/bert-base-uncased/tree/main/additional_chat_templates?recursive=false&expand=false "HTTP/1.1 404 Not Found"
2026-02-20 22:09:42,856 - httpx - INFO - HTTP Request: GET https://huggingface.co/api/models/bert-base-uncased/tree/main?recursive=true&expand=false "HTTP/1.1 307 Temporary Redirect"
2026-02-20 22:09:43,093 - httpx - INFO - HTTP Request: GET https://huggingface.co/api/models/google-bert/bert-base-uncased/tree/main?recursive=true&expand=false "HTTP/1.1 200 OK"
2026-02-20 22:09:43,436 - httpx - INFO - HTTP Request: HEAD https://huggingface.co/bert-base-uncased/resolve/main/config.json "HTTP/1.1 200 OK"
2026-02-20 22:09:43,669 - httpx - INFO - HTTP Request: HEAD https://huggingface.co/bert-base-uncased/resolve/main/model.safetensors "HTTP/1.1 302 Found"
2026-02-20 22:09:43,984 - src.detection.phishing_detector - INFO - Models loaded successfully
2026-02-20 22:09:43,985 - __main__ - INFO - Starting Gamification-Based Phishing Defense System...
2026-02-20 22:09:43,989 - werkzeug - WARNING -  * Debugger is active!
2026-02-20 22:09:44,093 - werkzeug - INFO -  * Debugger PIN: 151-836-829
2026-02-21 10:56:45,329 - src.database.user_manager - INFO - Database initialized successfully
2026-02-21 10:56:45,330 - src.detection.phishing_detector - INFO - Loading BERT model...
2026-02-21 10:56:46,255 - httpx - INFO - HTTP Request: HEAD https://huggingface.co/bert-base-uncased/resolve/main/tokenizer_config.json "HTTP/1.1 200 OK"
2026-02-21 10:56:46,733 - httpx - INFO - HTTP Request: GET https://huggingface.co/api/models/bert-base-uncased/tree/main/additional_chat_templates?recursive=false&expand=false "HTTP/1.1 307 Temporary Redirect"
2026-02-21 10:56:47,070 - httpx - INFO - HTTP Request: GET https://huggingface.co/api/models/google-bert/bert-base-uncased/tree/main/additional_chat_templates?recursive=false&expand=false "HTTP/1.1 404 Not Found"
2026-02-21 10:56:47,375 - httpx - INFO - HTTP Request: GET https://huggingface.co/api/models/bert-base-uncased/tree/main?recursive=true&expand=false "HTTP/1.1 307 Temporary Redirect"
2026-02-21 10:56:47,792 - httpx - INFO - HTTP Request: GET https://huggingface.co/api/models/google-bert/bert-base-uncased/tree/main?recursive=true&expand=false "HTTP/1.1 200 OK"
2026-02-21 10:56:48,329 - httpx - INFO - HTTP Request: HEAD https://huggingface.co/bert-base-uncased/resolve/main/config.json "HTTP/1.1 200 OK"
2026-02-21 10:56:48,660 - httpx - INFO - HTTP Request: HEAD https://huggingface.co/bert-base-uncased/resolve/main/model.safetensors "HTTP/1.1 302 Found"
2026-02-21 10:56:49,029 - src.detection.phishing_detector - INFO - Models loaded successfully
2026-02-21 10:56:49,039 - src.database.user_manager - INFO - Database initialized successfully
2026-02-21 10:56:49,040 - src.detection.phishing_detector - INFO - Loading BERT model...
2026-02-21 10:56:49,450 - httpx - INFO - HTTP Request: HEAD https://huggingface.co/bert-base-uncased/resolve/main/tokenizer_config.json "HTTP/1.1 200 OK"
2026-02-21 10:56:49,929 - httpx - INFO - HTTP Request: GET https://huggingface.co/api/models/bert-base-uncased/tree/main/additional_chat_templates?recursive=false&expand=false "HTTP/1.1 307 Temporary Redirect"
2026-02-21 10:56:50,262 - httpx - INFO - HTTP Request: GET https://huggingface.co/api/models/google-bert/bert-base-uncased/tree/main/additional_chat_templates?recursive=false&expand=false "HTTP/1.1 404 Not Found"
2026-02-21 10:56:50,557 - httpx - INFO - HTTP Request: GET https://huggingface.co/api/models/bert-base-uncased/tree/main?recursive=true&expand=false "HTTP/1.1 307 Temporary Redirect"
2026-02-21 10:56:51,068 - httpx - INFO - HTTP Request: GET https://huggingface.co/api/models/google-bert/bert-base-uncased/tree/main?recursive=true&expand=false "HTTP/1.1 200 OK"
2026-02-21 10:56:51,462 - httpx - INFO - HTTP Request: HEAD https://huggingface.co/bert-base-uncased/resolve/main/config.json "HTTP/1.1 200 OK"
2026-02-21 10:56:51,862 - httpx - INFO - HTTP Request: HEAD https://huggingface.co/bert-base-uncased/resolve/main/model.safetensors "HTTP/1.1 302 Found"
2026-02-21 10:56:52,078 - src.detection.phishing_detector - INFO - Models loaded successfully
2026-02-21 10:56:52,079 - __main__ - INFO - Starting Gamification-Based Phishing Defense System...
2026-02-21 10:56:52,100 - werkzeug - INFO - [31m[1mWARNING: This is a development server. Do not use it in a production deployment. Use a production WSGI server instead.[0m
 * Running on all addresses (0.0.0.0)
 * Running on http://127.0.0.1:5000
 * Running on http://10.169.79.172:5000
2026-02-21 10:56:52,101 - werkzeug - INFO - [33mPress CTRL+C to quit[0m
2026-02-21 10:56:52,101 - werkzeug - INFO -  * Restarting with stat
2026-02-21 10:57:02,245 - src.database.user_manager - INFO - Database initialized successfully
2026-02-21 10:57:02,245 - src.detection.phishing_detector - INFO - Loading BERT model...
2026-02-21 10:57:03,371 - httpx - INFO - HTTP Request: HEAD https://huggingface.co/bert-base-uncased/resolve/main/tokenizer_config.json "HTTP/1.1 200 OK"
2026-02-21 10:57:03,372 - huggingface_hub.utils._http - WARNING - Warning: You are sending unauthenticated requests to the HF Hub. Please set a HF_TOKEN to enable higher rate limits and faster downloads.
2026-02-21 10:57:03,687 - httpx - INFO - HTTP Request: GET https://huggingface.co/api/models/bert-base-uncased/tree/main/additional_chat_templates?recursive=false&expand=false "HTTP/1.1 307 Temporary Redirect"
2026-02-21 10:57:04,027 - httpx - INFO - HTTP Request: GET https://huggingface.co/api/models/google-bert/bert-base-uncased/tree/main/additional_chat_templates?recursive=false&expand=false "HTTP/1.1 404 Not Found"
2026-02-21 10:57:04,284 - httpx - INFO - HTTP Request: GET https://huggingface.co/api/models/bert-base-uncased/tree/main?recursive=true&expand=false "HTTP/1.1 307 Temporary Redirect"
2026-02-21 10:57:04,653 - httpx - INFO - HTTP Request: GET https://huggingface.co/api/models/google-bert/bert-base-uncased/tree/main?recursive=true&expand=false "HTTP/1.1 200 OK"
2026-02-21 10:57:05,127 - httpx - INFO - HTTP Request: HEAD https://huggingface.co/bert-base-uncased/resolve/main/config.json "HTTP/1.1 200 OK"
2026-02-21 10:57:05,455 - httpx - INFO - HTTP Request: HEAD https://huggingface.co/bert-base-uncased/resolve/main/model.safetensors "HTTP/1.1 302 Found"
2026-02-21 10:57:05,746 - src.detection.phishing_detector - INFO - Models loaded successfully
2026-02-21 10:57:05,759 - src.database.user_manager - INFO - Database initialized successfully
2026-02-21 10:57:05,759 - src.detection.phishing_detector - INFO - Loading BERT model...
2026-02-21 10:57:06,095 - httpx - INFO - HTTP Request: HEAD https://huggingface.co/bert-base-uncased/resolve/main/tokenizer_config.json "HTTP/1.1 200 OK"
2026-02-21 10:57:06,406 - httpx - INFO - HTTP Request: GET https://huggingface.co/api/models/bert-base-uncased/tree/main/additional_chat_templates?recursive=false&expand=false "HTTP/1.1 307 Temporary Redirect"
2026-02-21 10:57:06,927 - httpx - INFO - HTTP Request: GET https://huggingface.co/api/models/google-bert/bert-base-uncased/tree/main/additional_chat_templates?recursive=false&expand=false "HTTP/1.1 404 Not Found"
2026-02-21 10:57:07,214 - httpx - INFO - HTTP Request: GET https://huggingface.co/api/models/bert-base-uncased/tree/main?recursive=true&expand=false "HTTP/1.1 307 Temporary Redirect"
2026-02-21 10:57:07,544 - httpx - INFO - HTTP Request: GET https://huggingface.co/api/models/google-bert/bert-base-uncased/tree/main?recursive=true&expand=false "HTTP/1.1 200 OK"
2026-02-21 10:57:08,222 - httpx - INFO - HTTP Request: HEAD https://huggingface.co/bert-base-uncased/resolve/main/config.json "HTTP/1.1 200 OK"
2026-02-21 10:57:08,650 - httpx - INFO - HTTP Request: HEAD https://huggingface.co/bert-base-uncased/resolve/main/model.safetensors "HTTP/1.1 302 Found"
2026-02-21 10:57:08,881 - src.detection.phishing_detector - INFO - Models loaded successfully
2026-02-21 10:57:08,882 - __main__ - INFO - Starting Gamification-Based Phishing Defense System...
2026-02-21 10:57:08,888 - werkzeug - WARNING -  * Debugger is active!
2026-02-21 10:57:08,891 - werkzeug - INFO -  * Debugger PIN: 151-836-829
